Release 14.7 - xst P.20131013 (nt64)
Copyright (c) 1995-2013 Xilinx, Inc.  All rights reserved.
--> Parameter TMPDIR set to xst/projnav.tmp


Total REAL time to Xst completion: 0.00 secs
Total CPU time to Xst completion: 0.10 secs
 
--> Parameter xsthdpdir set to xst


Total REAL time to Xst completion: 0.00 secs
Total CPU time to Xst completion: 0.10 secs
 
--> Reading design: TopVGA.prj

TABLE OF CONTENTS
  1) Synthesis Options Summary
  2) HDL Parsing
  3) HDL Elaboration
  4) HDL Synthesis
       4.1) HDL Synthesis Report
  5) Advanced HDL Synthesis
       5.1) Advanced HDL Synthesis Report
  6) Low Level Synthesis
  7) Partition Report
  8) Design Summary
       8.1) Primitive and Black Box Usage
       8.2) Device utilization summary
       8.3) Partition Resource Summary
       8.4) Timing Report
            8.4.1) Clock Information
            8.4.2) Asynchronous Control Signals Information
            8.4.3) Timing Summary
            8.4.4) Timing Details
            8.4.5) Cross Clock Domains Report


=========================================================================
*                      Synthesis Options Summary                        *
=========================================================================
---- Source Parameters
Input File Name                    : "TopVGA.prj"
Ignore Synthesis Constraint File   : NO

---- Target Parameters
Output File Name                   : "TopVGA"
Output Format                      : NGC
Target Device                      : xc7a100t-3-csg324

---- Source Options
Top Module Name                    : TopVGA
Automatic FSM Extraction           : YES
FSM Encoding Algorithm             : Auto
Safe Implementation                : No
FSM Style                          : LUT
RAM Extraction                     : Yes
RAM Style                          : Auto
ROM Extraction                     : Yes
Shift Register Extraction          : YES
ROM Style                          : Auto
Resource Sharing                   : YES
Asynchronous To Synchronous        : NO
Shift Register Minimum Size        : 2
Use DSP Block                      : Auto
Automatic Register Balancing       : No

---- Target Options
LUT Combining                      : Auto
Reduce Control Sets                : Auto
Add IO Buffers                     : YES
Global Maximum Fanout              : 100000
Add Generic Clock Buffer(BUFG)     : 32
Register Duplication               : YES
Optimize Instantiated Primitives   : NO
Use Clock Enable                   : Auto
Use Synchronous Set                : Auto
Use Synchronous Reset              : Auto
Pack IO Registers into IOBs        : Auto
Equivalent register Removal        : YES

---- General Options
Optimization Goal                  : Speed
Optimization Effort                : 1
Power Reduction                    : NO
Keep Hierarchy                     : No
Netlist Hierarchy                  : As_Optimized
RTL Output                         : Yes
Global Optimization                : AllClockNets
Read Cores                         : YES
Write Timing Constraints           : NO
Cross Clock Analysis               : NO
Hierarchy Separator                : /
Bus Delimiter                      : <>
Case Specifier                     : Maintain
Slice Utilization Ratio            : 100
BRAM Utilization Ratio             : 100
DSP48 Utilization Ratio            : 100
Auto BRAM Packing                  : NO
Slice Utilization Ratio Delta      : 5

=========================================================================


=========================================================================
*                          HDL Parsing                                  *
=========================================================================
Analyzing Verilog file "C:\Users\Nickj\Desktop\NickFall2017\ECE_3710\FPGA_PROJECTS\assign2_DDR\TopVGA.v" into library work
Parsing module <TopVGA>.
Analyzing Verilog file "C:\Users\Nickj\Desktop\NickFall2017\ECE_3710\FPGA_PROJECTS\assign2_DDR\signal_gen.v" into library work
Parsing module <signal_gen>.
Analyzing Verilog file "C:\Users\Nickj\Desktop\NickFall2017\ECE_3710\FPGA_PROJECTS\assign2_DDR\pixel_gen.v" into library work
Parsing module <pixel_gen>.

=========================================================================
*                            HDL Elaboration                            *
=========================================================================

Elaborating module <TopVGA>.

Elaborating module <signal_gen>.

Elaborating module <pixel_gen>.

=========================================================================
*                           HDL Synthesis                               *
=========================================================================

Synthesizing Unit <TopVGA>.
    Related source file is "C:\Users\Nickj\Desktop\NickFall2017\ECE_3710\FPGA_PROJECTS\assign2_DDR\TopVGA.v".
    Summary:
	no macro.
Unit <TopVGA> synthesized.

Synthesizing Unit <signal_gen>.
    Related source file is "C:\Users\Nickj\Desktop\NickFall2017\ECE_3710\FPGA_PROJECTS\assign2_DDR\signal_gen.v".
    Found 10-bit register for signal <row>.
    Found 1-bit register for signal <h_sync>.
    Found 1-bit register for signal <v_sync>.
    Found 2-bit register for signal <pxl_counter>.
    Found 3-bit register for signal <vgaRed>.
    Found 3-bit register for signal <vgaGreen>.
    Found 2-bit register for signal <vgaBlue>.
    Found 10-bit register for signal <col>.
    Found 10-bit adder for signal <col[9]_GND_2_o_add_3_OUT> created at line 54.
    Found 10-bit adder for signal <row[9]_GND_2_o_add_7_OUT> created at line 55.
    Found 2-bit adder for signal <nxt_pxl> created at line 68.
    Found 10-bit comparator lessequal for signal <PWR_2_o_col[9]_LessThan_1_o> created at line 49
    Found 10-bit comparator lessequal for signal <PWR_2_o_row[9]_LessThan_2_o> created at line 51
    Found 10-bit comparator lessequal for signal <n0013> created at line 57
    Found 10-bit comparator greater for signal <col[9]_PWR_2_o_LessThan_12_o> created at line 57
    Found 10-bit comparator lessequal for signal <n0017> created at line 58
    Found 10-bit comparator greater for signal <row[9]_PWR_2_o_LessThan_14_o> created at line 58
    Summary:
	inferred   3 Adder/Subtractor(s).
	inferred  32 D-type flip-flop(s).
	inferred   6 Comparator(s).
	inferred   1 Multiplexer(s).
Unit <signal_gen> synthesized.

Synthesizing Unit <pixel_gen>.
    Related source file is "C:\Users\Nickj\Desktop\NickFall2017\ECE_3710\FPGA_PROJECTS\assign2_DDR\pixel_gen.v".
WARNING:Xst:647 - Input <snowButton> is never used. This port will be preserved and left unconnected if it belongs to a top-level block or it belongs to a sub-block and the hierarchy of this sub-block is preserved.
    Found 8-bit register for signal <next_color>.
    Found 31-bit register for signal <random>.
    Found 10-bit subtractor for signal <logic_col> created at line 35.
    Found 10-bit subtractor for signal <logic_row> created at line 36.
    Summary:
	inferred   2 Adder/Subtractor(s).
	inferred  39 D-type flip-flop(s).
	inferred   1 Multiplexer(s).
Unit <pixel_gen> synthesized.

=========================================================================
HDL Synthesis Report

Macro Statistics
# Adders/Subtractors                                   : 5
 10-bit adder                                          : 2
 10-bit subtractor                                     : 2
 2-bit adder                                           : 1
# Registers                                            : 10
 1-bit register                                        : 2
 10-bit register                                       : 2
 2-bit register                                        : 2
 3-bit register                                        : 2
 31-bit register                                       : 1
 8-bit register                                        : 1
# Comparators                                          : 6
 10-bit comparator greater                             : 2
 10-bit comparator lessequal                           : 4
# Multiplexers                                         : 2
 8-bit 2-to-1 multiplexer                              : 2
# Xors                                                 : 3
 1-bit xor2                                            : 3

=========================================================================

=========================================================================
*                       Advanced HDL Synthesis                          *
=========================================================================


Synthesizing (advanced) Unit <signal_gen>.
The following registers are absorbed into counter <row>: 1 register on signal <row>.
The following registers are absorbed into counter <pxl_counter>: 1 register on signal <pxl_counter>.
The following registers are absorbed into counter <col>: 1 register on signal <col>.
Unit <signal_gen> synthesized (advanced).

=========================================================================
Advanced HDL Synthesis Report

Macro Statistics
# Adders/Subtractors                                   : 2
 7-bit subtractor                                      : 2
# Counters                                             : 3
 10-bit up counter                                     : 2
 2-bit up counter                                      : 1
# Registers                                            : 49
 Flip-Flops                                            : 49
# Comparators                                          : 6
 10-bit comparator greater                             : 2
 10-bit comparator lessequal                           : 4
# Multiplexers                                         : 9
 1-bit 2-to-1 multiplexer                              : 8
 8-bit 2-to-1 multiplexer                              : 1
# Xors                                                 : 3
 1-bit xor2                                            : 3

=========================================================================

=========================================================================
*                         Low Level Synthesis                           *
=========================================================================

Optimizing unit <TopVGA> ...

Optimizing unit <pixel_gen> ...

Optimizing unit <signal_gen> ...

Mapping all equations...
Building and optimizing final netlist ...
Found area constraint ratio of 100 (+ 5) on block TopVGA, actual ratio is 0.

Final Macro Processing ...

Processing Unit <TopVGA> :
	Found 11-bit shift register for signal <pxl1/random_28>.
	Found 10-bit shift register for signal <pxl1/random_27>.
Unit <TopVGA> processed.

=========================================================================
Final Register Report

Macro Statistics
# Registers                                            : 50
 Flip-Flops                                            : 50
# Shift Registers                                      : 2
 10-bit shift register                                 : 1
 11-bit shift register                                 : 1

=========================================================================

=========================================================================
*                           Partition Report                            *
=========================================================================

Partition Implementation Status
-------------------------------

  No Partitions were found in this design.

-------------------------------

=========================================================================
*                            Design Summary                             *
=========================================================================

Top Level Output File Name         : TopVGA.ngc

Primitive and Black Box Usage:
------------------------------
# BELS                             : 109
#      GND                         : 1
#      INV                         : 3
#      LUT1                        : 18
#      LUT2                        : 16
#      LUT3                        : 15
#      LUT4                        : 1
#      LUT5                        : 3
#      LUT6                        : 13
#      MUXCY                       : 18
#      VCC                         : 1
#      XORCY                       : 20
# FlipFlops/Latches                : 52
#      FD                          : 18
#      FDE                         : 10
#      FDRE                        : 24
# Shift Registers                  : 2
#      SRLC16E                     : 2
# Clock Buffers                    : 1
#      BUFGP                       : 1
# IO Buffers                       : 19
#      IBUF                        : 9
#      OBUF                        : 10

Device utilization summary:
---------------------------

Selected Device : 7a100tcsg324-3 


Slice Logic Utilization: 
 Number of Slice Registers:              52  out of  126800     0%  
 Number of Slice LUTs:                   71  out of  63400     0%  
    Number used as Logic:                69  out of  63400     0%  
    Number used as Memory:                2  out of  19000     0%  
       Number used as SRL:                2

Slice Logic Distribution: 
 Number of LUT Flip Flop pairs used:     79
   Number with an unused Flip Flop:      27  out of     79    34%  
   Number with an unused LUT:             8  out of     79    10%  
   Number of fully used LUT-FF pairs:    44  out of     79    55%  
   Number of unique control sets:         6

IO Utilization: 
 Number of IOs:                          20
 Number of bonded IOBs:                  20  out of    210     9%  

Specific Feature Utilization:
 Number of BUFG/BUFGCTRLs:                1  out of     32     3%  

---------------------------
Partition Resource Summary:
---------------------------

  No Partitions were found in this design.

---------------------------


=========================================================================
Timing Report

NOTE: THESE TIMING NUMBERS ARE ONLY A SYNTHESIS ESTIMATE.
      FOR ACCURATE TIMING INFORMATION PLEASE REFER TO THE TRACE REPORT
      GENERATED AFTER PLACE-and-ROUTE.

Clock Information:
------------------
-----------------------------------+------------------------+-------+
Clock Signal                       | Clock buffer(FF name)  | Load  |
-----------------------------------+------------------------+-------+
clk                                | BUFGP                  | 54    |
-----------------------------------+------------------------+-------+

Asynchronous Control Signals Information:
----------------------------------------
No asynchronous control signals found in this design

Timing Summary:
---------------
Speed Grade: -3

   Minimum period: 2.442ns (Maximum Frequency: 409.450MHz)
   Minimum input arrival time before clock: 1.965ns
   Maximum output required time after clock: 0.640ns
   Maximum combinational path delay: No path found

Timing Details:
---------------
All values displayed in nanoseconds (ns)

=========================================================================
Timing constraint: Default period analysis for Clock 'clk'
  Clock period: 2.442ns (frequency: 409.450MHz)
  Total number of paths / destination ports: 872 / 102
-------------------------------------------------------------------------
Delay:               2.442ns (Levels of Logic = 2)
  Source:            sig1/row_5 (FF)
  Destination:       sig1/row_9 (FF)
  Source Clock:      clk rising
  Destination Clock: clk rising

  Data Path: sig1/row_5 to sig1/row_9
                                Gate     Net
    Cell:in->out      fanout   Delay   Delay  Logical Name (Net Name)
    ----------------------------------------  ------------
     FDRE:C->Q             5   0.361   0.702  sig1/row_5 (sig1/row_5)
     LUT5:I0->O            2   0.097   0.515  sig1/_n006321 (sig1/_n00632)
     LUT6:I3->O           10   0.097   0.321  sig1/_n0063 (sig1/_n0063)
     FDRE:R                    0.349          sig1/row_3
    ----------------------------------------
    Total                      2.442ns (0.904ns logic, 1.538ns route)
                                       (37.0% logic, 63.0% route)

=========================================================================
Timing constraint: Default OFFSET IN BEFORE for Clock 'clk'
  Total number of paths / destination ports: 39 / 24
-------------------------------------------------------------------------
Offset:              1.965ns (Levels of Logic = 3)
  Source:            snowButton (PAD)
  Destination:       pxl1/next_color_7 (FF)
  Destination Clock: clk rising

  Data Path: snowButton to pxl1/next_color_7
                                Gate     Net
    Cell:in->out      fanout   Delay   Delay  Logical Name (Net Name)
    ----------------------------------------  ------------
     IBUF:I->O             9   0.001   0.416  snowButton_IBUF (snowButton_IBUF)
     LUT2:I0->O            1   0.097   0.693  pxl1/_n0025_SW0 (N2)
     LUT6:I0->O            8   0.097   0.311  pxl1/_n0025 (pxl1/_n0025)
     FDRE:R                    0.349          pxl1/next_color_0
    ----------------------------------------
    Total                      1.965ns (0.544ns logic, 1.421ns route)
                                       (27.7% logic, 72.3% route)

=========================================================================
Timing constraint: Default OFFSET OUT AFTER for Clock 'clk'
  Total number of paths / destination ports: 10 / 10
-------------------------------------------------------------------------
Offset:              0.640ns (Levels of Logic = 1)
  Source:            sig1/vgaBlue_1 (FF)
  Destination:       vgaBlue_Pad<1> (PAD)
  Source Clock:      clk rising

  Data Path: sig1/vgaBlue_1 to vgaBlue_Pad<1>
                                Gate     Net
    Cell:in->out      fanout   Delay   Delay  Logical Name (Net Name)
    ----------------------------------------  ------------
     FDE:C->Q              1   0.361   0.279  sig1/vgaBlue_1 (sig1/vgaBlue_1)
     OBUF:I->O                 0.000          vgaBlue_Pad_1_OBUF (vgaBlue_Pad<1>)
    ----------------------------------------
    Total                      0.640ns (0.361ns logic, 0.279ns route)
                                       (56.4% logic, 43.6% route)

=========================================================================

Cross Clock Domains Report:
--------------------------

Clock to Setup on destination clock clk
---------------+---------+---------+---------+---------+
               | Src:Rise| Src:Fall| Src:Rise| Src:Fall|
Source Clock   |Dest:Rise|Dest:Rise|Dest:Fall|Dest:Fall|
---------------+---------+---------+---------+---------+
clk            |    2.442|         |         |         |
---------------+---------+---------+---------+---------+

=========================================================================


Total REAL time to Xst completion: 10.00 secs
Total CPU time to Xst completion: 10.50 secs
 
--> 

Total memory usage is 471188 kilobytes

Number of errors   :    0 (   0 filtered)
Number of warnings :    1 (   0 filtered)
Number of infos    :    0 (   0 filtered)

